// Jest Snapshot v1, https://goo.gl/fbAQLP

exports[`Tests App Snapshot 1`] = `
"[36m<body>[39m
  [36m<div>[39m
    [36m<h3>[39m
      [0mLoading...[0m
    [36m</h3>[39m
  [36m</div>[39m
[36m</body>[39m"
`;
